▲ Next.js 16.3.5 (Turbopack)
✓ Running next.config took 18ms

  Creating an optimized production build ...
Error: Cannot apply unknown utility class `border-danger`. Are you using CSS modules or similar and missing `@reference`? https://tailwindcss.com/docs/functions-and-directives#reference-directive
    [2m[at onInvalidCandidate (C:\Users\User\Desktop\DECODE ONLINE HACATHON FRONTEND\node_modules\tailwindcss\dist\lib.js:21:1682)][0m
    [2m[at Oe (C:\Users\User\Desktop\DECODE ONLINE HACATHON FRONTEND\node_modules\tailwindcss\dist\lib.js:16:39796)][0m
    [2m[at C:\Users\User\Desktop\DECODE ONLINE HACATHON FRONTEND\node_modules\tailwindcss\dist\lib.js:21:711][0m
    [2m[at ai (C:\Users\User\Desktop\DECODE ONLINE HACATHON FRONTEND\node_modules\tailwindcss\dist\lib.js:5:1775)][0m
    [2m[at O (C:\Users\User\Desktop\DECODE ONLINE HACATHON FRONTEND\node_modules\tailwindcss\dist\lib.js:5:1377)][0m
    [2m[at Pe (C:\Users\User\Desktop\DECODE ONLINE HACATHON FRONTEND\node_modules\tailwindcss\dist\lib.js:21:172)][0m
    [2m[at On (C:\Users\User\Desktop\DECODE ONLINE HACATHON FRONTEND\node_modules\tailwindcss\dist\lib.js:38:294)][0m
    [2m[at async _n (C:\Users\User\Desktop\DECODE ONLINE HACATHON FRONTEND\node_modules\tailwindcss\dist\lib.js:38:631)][0m
    [2m[at async an (C:\Users\User\Desktop\DECODE ONLINE HACATHON FRONTEND\node_modules\@tailwindcss\node\dist\index.js:10:3415)][0m
    [2m[at async E (C:\Users\User\Desktop\DECODE ONLINE HACATHON FRONTEND\node_modules\@tailwindcss\postcss\dist\index.js:10:3996)][0m

> Build error occurred
Error: Turbopack build failed with 1 error:
./src/app/globals.css
Error: Error evaluating Node.js code
CssSyntaxError: tailwindcss: C:\Users\User\Desktop\DECODE ONLINE HACATHON FRONTEND\src\app\globals.css:1:1: Cannot apply unknown utility class `border-danger`. Are you using CSS modules or similar and missing `@reference`? https://tailwindcss.com/docs/functions-and-directives#reference-directive
    at Input.error (node_modules/postcss/lib/input.js:135:16) [C:\Users\User\Desktop\DECODE ONLINE HACATHON FRONTEND\.next\build\chunks\node_modules_20v-8wl._.js:919:22]
    at error (node_modules/postcss/lib/node.js:166:32) [C:\Users\User\Desktop\DECODE ONLINE HACATHON FRONTEND\.next\build\chunks\node_modules_20v-8wl._.js:2275:38]
    [at Object.Once (C:\Users\User\Desktop\DECODE ONLINE HACATHON FRONTEND\node_modules\@tailwindcss\postcss\dist\index.js:10:7013)]
    at async LazyResult.runAsync (node_modules/postcss/lib/lazy-result.js:299:11) [C:\Users\User\Desktop\DECODE ONLINE HACATHON FRONTEND\.next\build\chunks\node_modules_20v-8wl._.js:1323:21]
    at async transform (turbopack:///[turbopack-node]/transforms/postcss.ts?config=[project]/postcss.config.js:70:34) [C:\Users\User\Desktop\DECODE ONLINE HACATHON FRONTEND\.next\build\chunks\[root-of-the-server]__0_4nzr9._.js:122:36]
    at async run (turbopack:///[turbopack-node]/child_process/evaluate.ts:89:23) [C:\Users\User\Desktop\DECODE ONLINE HACATHON FRONTEND\.next\build\chunks\[root-of-the-server]__139-o8l._.js:73:31]

Import trace:
  Client Component Browser:
    ./src/app/globals.css [Client Component Browser]
    ./src/app/layout.tsx [Server Component]


    at async transform (turbopack:///[turbopack-node]/transforms/postcss.ts?config=[project]/postcss.config.js:70:34) [C:\Users\User\Desktop\DECODE ONLINE HACATHON FRONTEND\.next\build\chunks\[root-of-the-server]__0_4nzr9._.js:122:36])
    at async run (turbopack:///[turbopack-node]/child_process/evaluate.ts:89:23) [C:\Users\User\Desktop\DECODE ONLINE HACATHON FRONTEND\.next\build\chunks\[root-of-the-server]__139-o8l._.js:73:31])
